// Vitest Snapshot v1

exports[`Prueba en el GifGridItem > debe de hacer match con el snapshot 1`] = `
<div
  className="animate__animated animate__bounceIn"
>
  <img
    alt="Demo Imagen"
    className="rounded-lg object-cover h-40"
    src="https://google.com"
  />
  <p
    className="text-center mt-4 text-sm font-sans font-medium text-cyan-600"
  >
    Demo Imagen
  </p>
</div>
`;
